###############################################################################
#
# IAR ELF Linker V7.30.1.7746/W32 for ARM                 13/Nov/2014  00:04:36
# Copyright 2007-2014 IAR Systems AB.
#
#    Output file  =  
#        C:\Users\MichaelXu\Desktop\STM32F429I-Discovery_FW_V1.0.1\Projects\Demonstration\EWARM\STM32F429I-Discovery_Demo\Exe\STM32F429I-Discovery_Demo.out
#    Map file     =  
#        C:\Users\MichaelXu\Desktop\STM32F429I-Discovery_FW_V1.0.1\Projects\Demonstration\EWARM\STM32F429I-Discovery_Demo\List\STM32F429I-Discovery_Demo.map
#    Command line =  
#        C:\Users\MichaelXu\Desktop\STM32F429I-Discovery_FW_V1.0.1\Projects\Demonstration\EWARM\STM32F429I-Discovery_Demo\Obj\bsp.o
#        C:\Users\MichaelXu\Desktop\STM32F429I-Discovery_FW_V1.0.1\Projects\Demonstration\EWARM\STM32F429I-Discovery_Demo\Obj\cpu_utils.o
#        C:\Users\MichaelXu\Desktop\STM32F429I-Discovery_FW_V1.0.1\Projects\Demonstration\EWARM\STM32F429I-Discovery_Demo\Obj\croutine.o
#        C:\Users\MichaelXu\Desktop\STM32F429I-Discovery_FW_V1.0.1\Projects\Demonstration\EWARM\STM32F429I-Discovery_Demo\Obj\fatfs_drv.o
#        C:\Users\MichaelXu\Desktop\STM32F429I-Discovery_FW_V1.0.1\Projects\Demonstration\EWARM\STM32F429I-Discovery_Demo\Obj\ff.o
#        C:\Users\MichaelXu\Desktop\STM32F429I-Discovery_FW_V1.0.1\Projects\Demonstration\EWARM\STM32F429I-Discovery_Demo\Obj\file_utils.o
#        C:\Users\MichaelXu\Desktop\STM32F429I-Discovery_FW_V1.0.1\Projects\Demonstration\EWARM\STM32F429I-Discovery_Demo\Obj\frame_view.o
#        C:\Users\MichaelXu\Desktop\STM32F429I-Discovery_FW_V1.0.1\Projects\Demonstration\EWARM\STM32F429I-Discovery_Demo\Obj\GUI_X_FreeRTOS.o
#        C:\Users\MichaelXu\Desktop\STM32F429I-Discovery_FW_V1.0.1\Projects\Demonstration\EWARM\STM32F429I-Discovery_Demo\Obj\GUIConf.o
#        C:\Users\MichaelXu\Desktop\STM32F429I-Discovery_FW_V1.0.1\Projects\Demonstration\EWARM\STM32F429I-Discovery_Demo\Obj\GUIDRV_stm32f429i_discovery.o
#        C:\Users\MichaelXu\Desktop\STM32F429I-Discovery_FW_V1.0.1\Projects\Demonstration\EWARM\STM32F429I-Discovery_Demo\Obj\heap_2.o
#        C:\Users\MichaelXu\Desktop\STM32F429I-Discovery_FW_V1.0.1\Projects\Demonstration\EWARM\STM32F429I-Discovery_Demo\Obj\list.o
#        C:\Users\MichaelXu\Desktop\STM32F429I-Discovery_FW_V1.0.1\Projects\Demonstration\EWARM\STM32F429I-Discovery_Demo\Obj\main.o
#        C:\Users\MichaelXu\Desktop\STM32F429I-Discovery_FW_V1.0.1\Projects\Demonstration\EWARM\STM32F429I-Discovery_Demo\Obj\misc.o
#        C:\Users\MichaelXu\Desktop\STM32F429I-Discovery_FW_V1.0.1\Projects\Demonstration\EWARM\STM32F429I-Discovery_Demo\Obj\port_cm4.o
#        C:\Users\MichaelXu\Desktop\STM32F429I-Discovery_FW_V1.0.1\Projects\Demonstration\EWARM\STM32F429I-Discovery_Demo\Obj\portasm_cm4.o
#        C:\Users\MichaelXu\Desktop\STM32F429I-Discovery_FW_V1.0.1\Projects\Demonstration\EWARM\STM32F429I-Discovery_Demo\Obj\queue.o
#        C:\Users\MichaelXu\Desktop\STM32F429I-Discovery_FW_V1.0.1\Projects\Demonstration\EWARM\STM32F429I-Discovery_Demo\Obj\rtc.o
#        C:\Users\MichaelXu\Desktop\STM32F429I-Discovery_FW_V1.0.1\Projects\Demonstration\EWARM\STM32F429I-Discovery_Demo\Obj\startup_stm32f429_439xx.o
#        C:\Users\MichaelXu\Desktop\STM32F429I-Discovery_FW_V1.0.1\Libraries\STemWinLibrary522_4x9i\Lib\STemWin522_4x9i_CM4_OS_IAR.a
#        C:\Users\MichaelXu\Desktop\STM32F429I-Discovery_FW_V1.0.1\Projects\Demonstration\EWARM\STM32F429I-Discovery_Demo\Obj\stm32f429i_discovery.o
#        C:\Users\MichaelXu\Desktop\STM32F429I-Discovery_FW_V1.0.1\Projects\Demonstration\EWARM\STM32F429I-Discovery_Demo\Obj\stm32f429i_discovery_ioe.o
#        C:\Users\MichaelXu\Desktop\STM32F429I-Discovery_FW_V1.0.1\Projects\Demonstration\EWARM\STM32F429I-Discovery_Demo\Obj\stm32f429i_discovery_l3gd20.o
#        C:\Users\MichaelXu\Desktop\STM32F429I-Discovery_FW_V1.0.1\Projects\Demonstration\EWARM\STM32F429I-Discovery_Demo\Obj\stm32f429i_discovery_lcd.o
#        C:\Users\MichaelXu\Desktop\STM32F429I-Discovery_FW_V1.0.1\Projects\Demonstration\EWARM\STM32F429I-Discovery_Demo\Obj\stm32f429i_discovery_sdram.o
#        C:\Users\MichaelXu\Desktop\STM32F429I-Discovery_FW_V1.0.1\Projects\Demonstration\EWARM\STM32F429I-Discovery_Demo\Obj\stm32f4xx_adc.o
#        C:\Users\MichaelXu\Desktop\STM32F429I-Discovery_FW_V1.0.1\Projects\Demonstration\EWARM\STM32F429I-Discovery_Demo\Obj\stm32f4xx_dcmi.o
#        C:\Users\MichaelXu\Desktop\STM32F429I-Discovery_FW_V1.0.1\Projects\Demonstration\EWARM\STM32F429I-Discovery_Demo\Obj\stm32f4xx_dma.o
#        C:\Users\MichaelXu\Desktop\STM32F429I-Discovery_FW_V1.0.1\Projects\Demonstration\EWARM\STM32F429I-Discovery_Demo\Obj\stm32f4xx_dma2d.o
#        C:\Users\MichaelXu\Desktop\STM32F429I-Discovery_FW_V1.0.1\Projects\Demonstration\EWARM\STM32F429I-Discovery_Demo\Obj\stm32f4xx_exti.o
#        C:\Users\MichaelXu\Desktop\STM32F429I-Discovery_FW_V1.0.1\Projects\Demonstration\EWARM\STM32F429I-Discovery_Demo\Obj\stm32f4xx_flash.o
#        C:\Users\MichaelXu\Desktop\STM32F429I-Discovery_FW_V1.0.1\Projects\Demonstration\EWARM\STM32F429I-Discovery_Demo\Obj\stm32f4xx_fmc.o
#        C:\Users\MichaelXu\Desktop\STM32F429I-Discovery_FW_V1.0.1\Projects\Demonstration\EWARM\STM32F429I-Discovery_Demo\Obj\stm32f4xx_gpio.o
#        C:\Users\MichaelXu\Desktop\STM32F429I-Discovery_FW_V1.0.1\Projects\Demonstration\EWARM\STM32F429I-Discovery_Demo\Obj\stm32f4xx_i2c.o
#        C:\Users\MichaelXu\Desktop\STM32F429I-Discovery_FW_V1.0.1\Projects\Demonstration\EWARM\STM32F429I-Discovery_Demo\Obj\stm32f4xx_ltdc.o
#        C:\Users\MichaelXu\Desktop\STM32F429I-Discovery_FW_V1.0.1\Projects\Demonstration\EWARM\STM32F429I-Discovery_Demo\Obj\stm32f4xx_pwr.o
#        C:\Users\MichaelXu\Desktop\STM32F429I-Discovery_FW_V1.0.1\Projects\Demonstration\EWARM\STM32F429I-Discovery_Demo\Obj\stm32f4xx_rcc.o
#        C:\Users\MichaelXu\Desktop\STM32F429I-Discovery_FW_V1.0.1\Projects\Demonstration\EWARM\STM32F429I-Discovery_Demo\Obj\stm32f4xx_rng.o
#        C:\Users\MichaelXu\Desktop\STM32F429I-Discovery_FW_V1.0.1\Projects\Demonstration\EWARM\STM32F429I-Discovery_Demo\Obj\stm32f4xx_rtc.o
#        C:\Users\MichaelXu\Desktop\STM32F429I-Discovery_FW_V1.0.1\Projects\Demonstration\EWARM\STM32F429I-Discovery_Demo\Obj\stm32f4xx_sdio.o
#        C:\Users\MichaelXu\Desktop\STM32F429I-Discovery_FW_V1.0.1\Projects\Demonstration\EWARM\STM32F429I-Discovery_Demo\Obj\stm32f4xx_spi.o
#        C:\Users\MichaelXu\Desktop\STM32F429I-Discovery_FW_V1.0.1\Projects\Demonstration\EWARM\STM32F429I-Discovery_Demo\Obj\stm32f4xx_syscfg.o
#        C:\Users\MichaelXu\Desktop\STM32F429I-Discovery_FW_V1.0.1\Projects\Demonstration\EWARM\STM32F429I-Discovery_Demo\Obj\stm32f4xx_tim.o
#        C:\Users\MichaelXu\Desktop\STM32F429I-Discovery_FW_V1.0.1\Projects\Demonstration\EWARM\STM32F429I-Discovery_Demo\Obj\stm32f4xx_usart.o
#        C:\Users\MichaelXu\Desktop\STM32F429I-Discovery_FW_V1.0.1\Projects\Demonstration\EWARM\STM32F429I-Discovery_Demo\Obj\stm32xxx_it.o
#        C:\Users\MichaelXu\Desktop\STM32F429I-Discovery_FW_V1.0.1\Projects\Demonstration\EWARM\STM32F429I-Discovery_Demo\Obj\str_utils.o
#        C:\Users\MichaelXu\Desktop\STM32F429I-Discovery_FW_V1.0.1\Projects\Demonstration\EWARM\STM32F429I-Discovery_Demo\Obj\syscall.o
#        C:\Users\MichaelXu\Desktop\STM32F429I-Discovery_FW_V1.0.1\Projects\Demonstration\EWARM\STM32F429I-Discovery_Demo\Obj\system_stm32f4xx.o
#        C:\Users\MichaelXu\Desktop\STM32F429I-Discovery_FW_V1.0.1\Projects\Demonstration\EWARM\STM32F429I-Discovery_Demo\Obj\tasks.o
#        C:\Users\MichaelXu\Desktop\STM32F429I-Discovery_FW_V1.0.1\Projects\Demonstration\EWARM\STM32F429I-Discovery_Demo\Obj\test_program.o
#        C:\Users\MichaelXu\Desktop\STM32F429I-Discovery_FW_V1.0.1\Projects\Demonstration\EWARM\STM32F429I-Discovery_Demo\Obj\time_utils.o
#        C:\Users\MichaelXu\Desktop\STM32F429I-Discovery_FW_V1.0.1\Projects\Demonstration\EWARM\STM32F429I-Discovery_Demo\Obj\timers.o
#        C:\Users\MichaelXu\Desktop\STM32F429I-Discovery_FW_V1.0.1\Projects\Demonstration\EWARM\STM32F429I-Discovery_Demo\Obj\usb_bsp.o
#        C:\Users\MichaelXu\Desktop\STM32F429I-Discovery_FW_V1.0.1\Projects\Demonstration\EWARM\STM32F429I-Discovery_Demo\Obj\usb_core.o
#        C:\Users\MichaelXu\Desktop\STM32F429I-Discovery_FW_V1.0.1\Projects\Demonstration\EWARM\STM32F429I-Discovery_Demo\Obj\usb_dcd.o
#        C:\Users\MichaelXu\Desktop\STM32F429I-Discovery_FW_V1.0.1\Projects\Demonstration\EWARM\STM32F429I-Discovery_Demo\Obj\usb_dcd_int.o
#        C:\Users\MichaelXu\Desktop\STM32F429I-Discovery_FW_V1.0.1\Projects\Demonstration\EWARM\STM32F429I-Discovery_Demo\Obj\usb_hcd.o
#        C:\Users\MichaelXu\Desktop\STM32F429I-Discovery_FW_V1.0.1\Projects\Demonstration\EWARM\STM32F429I-Discovery_Demo\Obj\usb_hcd_int.o
#        C:\Users\MichaelXu\Desktop\STM32F429I-Discovery_FW_V1.0.1\Projects\Demonstration\EWARM\STM32F429I-Discovery_Demo\Obj\usbd_core.o
#        C:\Users\MichaelXu\Desktop\STM32F429I-Discovery_FW_V1.0.1\Projects\Demonstration\EWARM\STM32F429I-Discovery_Demo\Obj\usbd_desc.o
#        C:\Users\MichaelXu\Desktop\STM32F429I-Discovery_FW_V1.0.1\Projects\Demonstration\EWARM\STM32F429I-Discovery_Demo\Obj\usbd_hid_core.o
#        C:\Users\MichaelXu\Desktop\STM32F429I-Discovery_FW_V1.0.1\Projects\Demonstration\EWARM\STM32F429I-Discovery_Demo\Obj\usbd_ioreq.o
#        C:\Users\MichaelXu\Desktop\STM32F429I-Discovery_FW_V1.0.1\Projects\Demonstration\EWARM\STM32F429I-Discovery_Demo\Obj\usbd_req.o
#        C:\Users\MichaelXu\Desktop\STM32F429I-Discovery_FW_V1.0.1\Projects\Demonstration\EWARM\STM32F429I-Discovery_Demo\Obj\usbd_usr.o
#        C:\Users\MichaelXu\Desktop\STM32F429I-Discovery_FW_V1.0.1\Projects\Demonstration\EWARM\STM32F429I-Discovery_Demo\Obj\usbh_core.o
#        C:\Users\MichaelXu\Desktop\STM32F429I-Discovery_FW_V1.0.1\Projects\Demonstration\EWARM\STM32F429I-Discovery_Demo\Obj\usbh_hcs.o
#        C:\Users\MichaelXu\Desktop\STM32F429I-Discovery_FW_V1.0.1\Projects\Demonstration\EWARM\STM32F429I-Discovery_Demo\Obj\usbh_ioreq.o
#        C:\Users\MichaelXu\Desktop\STM32F429I-Discovery_FW_V1.0.1\Projects\Demonstration\EWARM\STM32F429I-Discovery_Demo\Obj\usbh_msc_bot.o
#        C:\Users\MichaelXu\Desktop\STM32F429I-Discovery_FW_V1.0.1\Projects\Demonstration\EWARM\STM32F429I-Discovery_Demo\Obj\usbh_msc_core.o
#        C:\Users\MichaelXu\Desktop\STM32F429I-Discovery_FW_V1.0.1\Projects\Demonstration\EWARM\STM32F429I-Discovery_Demo\Obj\usbh_msc_scsi.o
#        C:\Users\MichaelXu\Desktop\STM32F429I-Discovery_FW_V1.0.1\Projects\Demonstration\EWARM\STM32F429I-Discovery_Demo\Obj\usbh_stdreq.o
#        C:\Users\MichaelXu\Desktop\STM32F429I-Discovery_FW_V1.0.1\Projects\Demonstration\EWARM\STM32F429I-Discovery_Demo\Obj\usbh_usr.o
#        C:\Users\MichaelXu\Desktop\STM32F429I-Discovery_FW_V1.0.1\Projects\Demonstration\EWARM\STM32F429I-Discovery_Demo\Obj\WindowDLG.o
#        --redirect _Printf=_PrintfFull --redirect _Scanf=_ScanfFull -o
#        C:\Users\MichaelXu\Desktop\STM32F429I-Discovery_FW_V1.0.1\Projects\Demonstration\EWARM\STM32F429I-Discovery_Demo\Exe\STM32F429I-Discovery_Demo.out
#        --map
#        C:\Users\MichaelXu\Desktop\STM32F429I-Discovery_FW_V1.0.1\Projects\Demonstration\EWARM\STM32F429I-Discovery_Demo\List\STM32F429I-Discovery_Demo.map
#        --config
#        C:\Users\MichaelXu\Desktop\STM32F429I-Discovery_FW_V1.0.1\Projects\Demonstration\EWARM\stm32f4xx_flash.icf
#        --semihosting --entry __iar_program_start --redirect
#        __write=__write_buffered --vfe
#
###############################################################################

*******************************************************************************
*** RUNTIME MODEL ATTRIBUTES
***

CppFlavor                     = *
__Heap_Handler                = Basic
__SystemLibrary               = DLib
__dlib_dynamic_initialization = normal


*******************************************************************************
*** PLACEMENT SUMMARY
***

"A1":  place at 0x08000000 { ro section .intvec };
"P1":  place in [from 0x08000000 to 0x081fffff] { ro };
"P2":  place in [from 0x20000000 to 0x2002ffff] { rw, block CSTACK, block HEAP };

  Section            Kind        Address    Size  Object
  -------            ----        -------    ----  ------
"A1":                                      0x1ac
  .intvec            ro code  0x08000000   0x1ac  startup_stm32f429_439xx.o [1]
                            - 0x080001ac   0x1ac

"P1":                                     0x6a24
  .text              ro code  0x080001ac  0x184c  stm32f429i_discovery_lcd.o [1]
  .text              ro code  0x080019f8    0xac  stm32f4xx_gpio.o [1]
  .text              ro code  0x08001aa4    0xdc  stm32f4xx_rcc.o [1]
  .text              ro code  0x08001b80   0x374  stm32f429i_discovery_sdram.o [1]
  .text              ro code  0x08001ef4   0x18c  stm32f4xx_ltdc.o [1]
  .text              ro code  0x08002080    0xe4  stm32f4xx_dma2d.o [1]
  .text              ro code  0x08002164   0x11e  stm32f4xx_spi.o [1]
  .text              ro code  0x08002282    0x22  zero_init3.o [6]
  .text              ro code  0x080022a4   0x11c  stm32f4xx_fmc.o [1]
  .rodata            const    0x080023c0  0x17d0  stm32f429i_discovery_lcd.o [1]
  .text              ro code  0x08003b90   0xc1e  usb_hcd_int.o [1]
  .text              ro code  0x080047b0   0x588  usb_core.o [1]
  .text              ro code  0x08004d38    0x46  usb_bsp.o [1]
  .text              ro code  0x08004d80   0x4f4  usb_dcd_int.o [1]
  .text              ro code  0x08005274   0x494  usbd_req.o [1]
  .text              ro code  0x08005708   0x162  usb_dcd.o [1]
  .text              ro code  0x0800586a    0x8a  usbd_ioreq.o [1]
  .text              ro code  0x080058f4   0x292  usbd_core.o [1]
  .text              ro code  0x08005b88   0x1c4  tasks.o [1]
  .text              ro code  0x08005d4c    0x4c  port_cm4.o [1]
  .text              ro code  0x08005d98    0x40  list.o [1]
  .text              ro code  0x08005dd8    0x70  cpu_utils.o [1]
  CODE               ro code  0x08005e48    0xa0  portasm_cm4.o [1]
  .text              ro code  0x08005ee8   0x118  GUICC_M1555I.o [3]
  .rodata            const    0x08006000   0x100  GUI__DivTbl_255_31.o [3]
  .rodata            const    0x08006100   0x100  GUI__DivTbl_255_63.o [3]
  .text              ro code  0x08006200    0xe8  system_stm32f4xx.o [1]
  .text              ro code  0x080062e8    0xd2  packbits_init.o [6]
  .text              ro code  0x080063ba     0x6  abort.o [4]
  .text              ro code  0x080063c0    0x14  exit.o [7]
  .text              ro code  0x080063d4    0xd0  GUICC_M565.o [3]
  .text              ro code  0x080064a4    0xae  stm32xxx_it.o [1]
  .text              ro code  0x08006554    0x24  test_program.o [1]
  .text              ro code  0x08006578     0xc  stm32f4xx_exti.o [1]
  .text              ro code  0x08006584    0x1e  stm32f4xx_tim.o [1]
  .text              ro code  0x080065a4    0x98  GUIDRV_stm32f429i_discovery.o [1]
  .text              ro code  0x0800663c    0x28  GUI_MULTIBUF.o [3]
  .text              ro code  0x08006664    0x90  frame_view.o [1]
  .text              ro code  0x080066f4    0x60  main.o [1]
  .text              ro code  0x08006754    0x14  misc.o [1]
  .text              ro code  0x08006768    0x4c  stm32f4xx_rtc.o [1]
  .rodata            const    0x080067b4    0x40  GUI__DivTbl_63_255.o [3]
  .text              ro code  0x080067f4    0x34  rtc.o [1]
  .text              ro code  0x08006828    0x1c  stm32f429i_discovery.o [1]
  .text              ro code  0x08006844    0x2c  GUICC_M565_Index2Color.o [3]
  .text              ro code  0x08006870    0x28  data_init.o [6]
  .text              ro code  0x08006898    0x22  fpinit_M.o [5]
  .iar.init_table    const    0x080068bc    0x2c  - Linker created -
  .rodata            const    0x080068e8    0x20  GUI__DivTbl_31_255.o [3]
  .text              ro code  0x08006908    0x1a  cmain.o [6]
  .text              ro code  0x08006922     0x4  low_level_init.o [4]
  .text              ro code  0x08006926     0x4  exit.o [4]
  .text              ro code  0x0800692c     0xa  cexit.o [6]
  .rodata            const    0x08006938    0x18  GUICC_M1555I.o [3]
  .rodata            const    0x08006950    0x18  GUICC_M565.o [3]
  .text              ro code  0x08006968    0x18  usbh_core.o [1]
  .text              ro code  0x08006980    0x10  startup_stm32f429_439xx.o [1]
  .text              ro code  0x08006990     0xc  cstartup_M.o [6]
  .text              ro code  0x0800699c     0x4  startup_stm32f429_439xx.o [1]
  .text              ro code  0x080069a0     0x4  startup_stm32f429_439xx.o [1]
  .text              ro code  0x080069a4     0x4  startup_stm32f429_439xx.o [1]
  .text              ro code  0x080069a8     0x4  startup_stm32f429_439xx.o [1]
  .text              ro code  0x080069ac     0x4  startup_stm32f429_439xx.o [1]
  .text              ro code  0x080069b0     0x4  startup_stm32f429_439xx.o [1]
  .text              ro code  0x080069b4     0x4  startup_stm32f429_439xx.o [1]
  .text              ro code  0x080069b8     0x4  startup_stm32f429_439xx.o [1]
  .text              ro code  0x080069bc     0x4  startup_stm32f429_439xx.o [1]
  .text              ro code  0x080069c0     0x4  startup_stm32f429_439xx.o [1]
  .text              ro code  0x080069c4     0x4  startup_stm32f429_439xx.o [1]
  .text              ro code  0x080069c8     0x4  startup_stm32f429_439xx.o [1]
  .text              ro code  0x080069cc     0x4  startup_stm32f429_439xx.o [1]
  .text              ro code  0x080069d0     0x4  startup_stm32f429_439xx.o [1]
  .text              ro code  0x080069d4     0x4  startup_stm32f429_439xx.o [1]
  .text              ro code  0x080069d8     0x4  startup_stm32f429_439xx.o [1]
  .text              ro code  0x080069dc     0x4  startup_stm32f429_439xx.o [1]
  .text              ro code  0x080069e0     0x4  startup_stm32f429_439xx.o [1]
  .text              ro code  0x080069e4     0x4  startup_stm32f429_439xx.o [1]
  .text              ro code  0x080069e8     0x4  startup_stm32f429_439xx.o [1]
  .text              ro code  0x080069ec     0x4  startup_stm32f429_439xx.o [1]
  .text              ro code  0x080069f0     0x4  startup_stm32f429_439xx.o [1]
  .text              ro code  0x080069f4     0x4  startup_stm32f429_439xx.o [1]
  .text              ro code  0x080069f8     0x4  startup_stm32f429_439xx.o [1]
  .text              ro code  0x080069fc     0x4  startup_stm32f429_439xx.o [1]
  .text              ro code  0x08006a00     0x4  startup_stm32f429_439xx.o [1]
  .text              ro code  0x08006a04     0x4  startup_stm32f429_439xx.o [1]
  .text              ro code  0x08006a08     0x4  startup_stm32f429_439xx.o [1]
  .text              ro code  0x08006a0c     0x4  startup_stm32f429_439xx.o [1]
  .text              ro code  0x08006a10     0x4  startup_stm32f429_439xx.o [1]
  .text              ro code  0x08006a14     0x4  startup_stm32f429_439xx.o [1]
  .text              ro code  0x08006a18     0x4  startup_stm32f429_439xx.o [1]
  .text              ro code  0x08006a1c     0x4  startup_stm32f429_439xx.o [1]
  .text              ro code  0x08006a20     0x4  startup_stm32f429_439xx.o [1]
  .text              ro code  0x08006a24     0x4  startup_stm32f429_439xx.o [1]
  .text              ro code  0x08006a28     0x4  startup_stm32f429_439xx.o [1]
  .text              ro code  0x08006a2c     0x4  startup_stm32f429_439xx.o [1]
  .text              ro code  0x08006a30     0x4  startup_stm32f429_439xx.o [1]
  .text              ro code  0x08006a34     0x4  startup_stm32f429_439xx.o [1]
  .text              ro code  0x08006a38     0x4  startup_stm32f429_439xx.o [1]
  .text              ro code  0x08006a3c     0x4  startup_stm32f429_439xx.o [1]
  .text              ro code  0x08006a40     0x4  startup_stm32f429_439xx.o [1]
  .text              ro code  0x08006a44     0x4  startup_stm32f429_439xx.o [1]
  .text              ro code  0x08006a48     0x4  startup_stm32f429_439xx.o [1]
  .text              ro code  0x08006a4c     0x4  startup_stm32f429_439xx.o [1]
  .text              ro code  0x08006a50     0x4  startup_stm32f429_439xx.o [1]
  .text              ro code  0x08006a54     0x4  startup_stm32f429_439xx.o [1]
  .text              ro code  0x08006a58     0x4  startup_stm32f429_439xx.o [1]
  .text              ro code  0x08006a5c     0x4  startup_stm32f429_439xx.o [1]
  .text              ro code  0x08006a60     0x4  startup_stm32f429_439xx.o [1]
  .text              ro code  0x08006a64     0x4  startup_stm32f429_439xx.o [1]
  .text              ro code  0x08006a68     0x4  startup_stm32f429_439xx.o [1]
  .text              ro code  0x08006a6c     0x4  startup_stm32f429_439xx.o [1]
  .text              ro code  0x08006a70     0x4  startup_stm32f429_439xx.o [1]
  .text              ro code  0x08006a74     0x4  startup_stm32f429_439xx.o [1]
  .text              ro code  0x08006a78     0x4  startup_stm32f429_439xx.o [1]
  .text              ro code  0x08006a7c     0x4  startup_stm32f429_439xx.o [1]
  .text              ro code  0x08006a80     0x4  startup_stm32f429_439xx.o [1]
  .text              ro code  0x08006a84     0x4  startup_stm32f429_439xx.o [1]
  .text              ro code  0x08006a88     0x4  startup_stm32f429_439xx.o [1]
  .text              ro code  0x08006a8c     0x4  startup_stm32f429_439xx.o [1]
  .text              ro code  0x08006a90     0x4  startup_stm32f429_439xx.o [1]
  .text              ro code  0x08006a94     0x4  startup_stm32f429_439xx.o [1]
  .text              ro code  0x08006a98     0x4  startup_stm32f429_439xx.o [1]
  .text              ro code  0x08006a9c     0x4  startup_stm32f429_439xx.o [1]
  .text              ro code  0x08006aa0     0x4  startup_stm32f429_439xx.o [1]
  .text              ro code  0x08006aa4     0x4  startup_stm32f429_439xx.o [1]
  .text              ro code  0x08006aa8     0x4  startup_stm32f429_439xx.o [1]
  .text              ro code  0x08006aac     0x4  startup_stm32f429_439xx.o [1]
  .text              ro code  0x08006ab0     0x4  startup_stm32f429_439xx.o [1]
  .text              ro code  0x08006ab4     0x4  startup_stm32f429_439xx.o [1]
  .text              ro code  0x08006ab8     0x4  startup_stm32f429_439xx.o [1]
  .text              ro code  0x08006abc     0x4  startup_stm32f429_439xx.o [1]
  .text              ro code  0x08006ac0     0x4  startup_stm32f429_439xx.o [1]
  .text              ro code  0x08006ac4     0x4  startup_stm32f429_439xx.o [1]
  .text              ro code  0x08006ac8     0x4  startup_stm32f429_439xx.o [1]
  .text              ro code  0x08006acc     0x4  startup_stm32f429_439xx.o [1]
  .text              ro code  0x08006ad0     0x4  startup_stm32f429_439xx.o [1]
  .text              ro code  0x08006ad4     0x4  startup_stm32f429_439xx.o [1]
  .text              ro code  0x08006ad8     0x4  startup_stm32f429_439xx.o [1]
  .text              ro code  0x08006adc     0x4  startup_stm32f429_439xx.o [1]
  .text              ro code  0x08006ae0     0x4  startup_stm32f429_439xx.o [1]
  .text              ro code  0x08006ae4     0x4  startup_stm32f429_439xx.o [1]
  .text              ro code  0x08006ae8     0x4  startup_stm32f429_439xx.o [1]
  .text              ro code  0x08006aec     0x4  startup_stm32f429_439xx.o [1]
  .text              ro code  0x08006af0     0x4  startup_stm32f429_439xx.o [1]
  .text              ro code  0x08006af4     0x4  startup_stm32f429_439xx.o [1]
  .text              ro code  0x08006af8     0x4  startup_stm32f429_439xx.o [1]
  .text              ro code  0x08006afc     0x4  startup_stm32f429_439xx.o [1]
  .text              ro code  0x08006b00     0x4  startup_stm32f429_439xx.o [1]
  .text              ro code  0x08006b04     0x4  startup_stm32f429_439xx.o [1]
  .text              ro code  0x08006b08     0x4  startup_stm32f429_439xx.o [1]
  .text              ro code  0x08006b0c     0x4  startup_stm32f429_439xx.o [1]
  .text              ro code  0x08006b10     0x4  startup_stm32f429_439xx.o [1]
  .text              ro code  0x08006b14     0x4  startup_stm32f429_439xx.o [1]
  .text              ro code  0x08006b18     0x4  startup_stm32f429_439xx.o [1]
  .text              ro code  0x08006b1c     0x4  startup_stm32f429_439xx.o [1]
  .text              ro code  0x08006b20     0x4  startup_stm32f429_439xx.o [1]
  .text              ro code  0x08006b24     0x4  startup_stm32f429_439xx.o [1]
  .text              ro code  0x08006b28     0x4  startup_stm32f429_439xx.o [1]
  .rodata            const    0x08006b2c     0x0  zero_init3.o [6]
  .rodata            const    0x08006b2c     0x0  packbits_init.o [6]
  Initializer bytes  ro data  0x08006b2c    0xa4  <for P2 s0>
                            - 0x08006bd0  0x6a24

"P2":                                     0x38e0
  P2 s0                       0x20000000   0x29a  <Init block>
    .data            inited   0x20000000   0x1c4  tasks.o [1]
    .data            inited   0x200001c4    0x48  GUIDRV_stm32f429i_discovery.o [1]
    .data            inited   0x2000020c    0x2c  usbd_core.o [1]
    .data            inited   0x20000238    0x18  stm32f429i_discovery_lcd.o [1]
    .data            inited   0x20000250    0x14  system_stm32f4xx.o [1]
    .data            inited   0x20000264     0xc  usbd_desc.o [1]
    .data            inited   0x20000270     0xc  usbh_core.o [1]
    .data            inited   0x2000027c     0x8  stm32f429i_discovery.o [1]
    .data            inited   0x20000284     0x8  stm32f429i_discovery_lcd.o [1]
    .data            inited   0x2000028c     0x4  port_cm4.o [1]
    .data            inited   0x20000290     0x4  usbd_core.o [1]
    .data            inited   0x20000294     0x4  usbh_core.o [1]
    .data            inited   0x20000298     0x2  rtc.o [1]
  .bss               zero     0x2000029c   0xb14  bsp.o [1]
  .bss               zero     0x20000db0   0xa90  test_program.o [1]
  .bss               zero     0x20001840    0x2c  GUI_MULTIBUF.o [3]
  .bss               zero     0x2000186c    0x20  test_program.o [1]
  .bss               zero     0x2000188c    0x18  cpu_utils.o [1]
  .bss               zero     0x200018a4     0xc  usbd_req.o [1]
  .bss               zero     0x200018b0     0x8  rtc.o [1]
  .bss               zero     0x200018b8     0x8  GUICC_M1555I.o [3]
  .bss               zero     0x200018c0     0x8  GUICC_M565.o [3]
  .bss               zero     0x200018c8     0x4  main.o [1]
  .bss               zero     0x200018cc     0x4  stm32xxx_it.o [1]
  .bss               zero     0x200018d0     0x4  stm32xxx_it.o [1]
  .bss               zero     0x200018d4     0x4  usbd_core.o [1]
  .bss               zero     0x200018d8     0x4  usbd_req.o [1]
  CSTACK                      0x200018e0  0x2000  <Block>
    CSTACK           uninit   0x200018e0  0x2000  <Block tail>
                            - 0x200038e0  0x38e0


*******************************************************************************
*** INIT TABLE
***

          Address     Size
          -------     ----
Zero (__iar_zero_init3)
    1 destination range, total size 0x1640:
          0x2000029c  0x1640

Copy/packbits (__iar_packbits_init3)
    1 source range, total size 0xa4 (24% of destination):
          0x08006b2c    0xa4
    1 destination range, total size 0x29a:
          0x20000000   0x29a



*******************************************************************************
*** MODULE SUMMARY
***

    Module                         ro code  ro data  rw data
    ------                         -------  -------  -------
C:\Users\MichaelXu\Desktop\STM32F429I-Discovery_FW_V1.0.1\Projects\Demonstration\EWARM\STM32F429I-Discovery_Demo\Obj: [1]
    GUIDRV_stm32f429i_discovery.o      152       18       72
    bsp.o                                              2 836
    cpu_utils.o                        112                24
    frame_view.o                       144
    list.o                              64
    main.o                              96                 4
    misc.o                              20
    port_cm4.o                          76        1        4
    portasm_cm4.o                      160
    rtc.o                               52        1       10
    startup_stm32f429_439xx.o          844
    stm32f429i_discovery.o              28        2        8
    stm32f429i_discovery_lcd.o       6 220    6 104       32
    stm32f429i_discovery_sdram.o       884
    stm32f4xx_dma2d.o                  228
    stm32f4xx_exti.o                    12
    stm32f4xx_fmc.o                    284
    stm32f4xx_gpio.o                   172
    stm32f4xx_ltdc.o                   396
    stm32f4xx_rcc.o                    220
    stm32f4xx_rtc.o                     76
    stm32f4xx_spi.o                    286
    stm32f4xx_tim.o                     30
    stm32xxx_it.o                      174                 8
    system_stm32f4xx.o                 232        5       20
    tasks.o                            452      111      452
    test_program.o                      36             2 736
    usb_bsp.o                           70
    usb_core.o                       1 416
    usb_dcd.o                          354
    usb_dcd_int.o                    1 268
    usb_hcd_int.o                    3 102
    usbd_core.o                        658       11       52
    usbd_desc.o                                   3       12
    usbd_ioreq.o                       138
    usbd_req.o                       1 172                16
    usbh_core.o                         24        4       16
    --------------------------------------------------------
    Total:                          19 652    6 260    6 302

command line: [2]
    --------------------------------------------------------
    Total:

STemWin522_4x9i_CM4_OS_IAR.a: [3]
    GUICC_M1555I.o                     280       24        8
    GUICC_M565.o                       208       24        8
    GUICC_M565_Index2Color.o            44
    GUI_MULTIBUF.o                      40                44
    GUI__DivTbl_255_31.o                        256
    GUI__DivTbl_255_63.o                        256
    GUI__DivTbl_31_255.o                         32
    GUI__DivTbl_63_255.o                         64
    --------------------------------------------------------
    Total:                             572      656       60

dl7M_tlf.a: [4]
    abort.o                              6
    exit.o                               4
    low_level_init.o                     4
    --------------------------------------------------------
    Total:                              14

m7M_tlv.a: [5]
    fpinit_M.o                          34
    --------------------------------------------------------
    Total:                              34

rt7M_tl.a: [6]
    cexit.o                             10
    cmain.o                             26
    cstartup_M.o                        12
    data_init.o                         40
    packbits_init.o                    210
    zero_init3.o                        34
    --------------------------------------------------------
    Total:                             332

shb_l.a: [7]
    exit.o                              20
    --------------------------------------------------------
    Total:                              20

    Gaps                                12        4        2
    Linker created                               44    8 192
------------------------------------------------------------
    Grand Total:                    20 636    6 964   14 556


*******************************************************************************
*** ENTRY LIST
***

Entry                      Address    Size  Type      Object
-----                      -------    ----  ----      ------
?main                   0x08006909          Code  Gb  cmain.o [6]
AHBPrescTable           0x20000254    0x10  Data  Gb  system_stm32f4xx.o [1]
ASCII16x24_Table        0x080023c0  0x11d0  Data  Gb  stm32f429i_discovery_lcd.o [1]
ASCII8x8_Table          0x08003590   0x600  Data  Gb  stm32f429i_discovery_lcd.o [1]
Buffer                  0x2000186c    0x18  Data  Gb  test_program.o [1]
BusFault_Handler        0x080064ab     0x2  Code  Gb  stm32xxx_it.o [1]
ButtonPressed           0x200018cc     0x4  Data  Gb  stm32xxx_it.o [1]
CSTACK$$Base            0x200018e0           --   Gb  - Linker created -
CSTACK$$Limit           0x200038e0           --   Gb  - Linker created -
CaptureNumber           0x200018b0     0x4  Data  Gb  rtc.o [1]
CurrentBackColor        0x2000023a     0x2  Data  Lc  stm32f429i_discovery_lcd.o [1]
CurrentFrameBuffer      0x20000240     0x4  Data  Lc  stm32f429i_discovery_lcd.o [1]
CurrentLayer            0x20000244     0x4  Data  Lc  stm32f429i_discovery_lcd.o [1]
CurrentTextColor        0x20000238     0x2  Data  Lc  stm32f429i_discovery_lcd.o [1]
DCD_EP_ClrStall         0x0800581b    0x40  Code  Gb  usb_dcd.o [1]
DCD_EP_Open             0x08005709    0x46  Code  Gb  usb_dcd.o [1]
DCD_EP_PrepareRx        0x0800574f    0x48  Code  Gb  usb_dcd.o [1]
DCD_EP_SetAddress       0x0800585b    0x10  Code  Gb  usb_dcd.o [1]
DCD_EP_Stall            0x080057db    0x40  Code  Gb  usb_dcd.o [1]
DCD_EP_Tx               0x08005797    0x44  Code  Gb  usb_dcd.o [1]
DCD_HandleInEP_ISR      0x0800507b    0xd4  Code  Lc  usb_dcd_int.o [1]
DCD_HandleOutEP_ISR     0x0800514f    0xa8  Code  Lc  usb_dcd_int.o [1]
DCD_WriteEmptyTxFifo    0x08005201    0x74  Code  Lc  usb_dcd_int.o [1]
DMA2D_DeInit            0x08002081    0x1e  Code  Gb  stm32f4xx_dma2d.o [1]
DMA2D_GetFlagStatus     0x08002147    0x10  Code  Gb  stm32f4xx_dma2d.o [1]
DMA2D_IRQHandler        0x0800654f     0x4  Code  Gb  stm32xxx_it.o [1]
DMA2D_ISR_Handler       0x080065a5     0x8  Code  Gb  GUIDRV_stm32f429i_discovery.o [1]
DMA2D_Init              0x0800209f    0x9c  Code  Gb  stm32f4xx_dma2d.o [1]
DMA2D_StartTransfer     0x0800213b     0xc  Code  Gb  stm32f4xx_dma2d.o [1]
DMA2_Stream1_IRQHandler
                        0x08006549     0x2  Code  Gb  stm32xxx_it.o [1]
DebugMon_Handler        0x080064af     0x2  Code  Gb  stm32xxx_it.o [1]
Delay                   0x08006555    0x12  Code  Gb  test_program.o [1]
EXTI0_IRQHandler        0x080064c5     0xa  Code  Gb  stm32xxx_it.o [1]
EXTI_ClearITPendingBit  0x08006579     0x6  Code  Gb  stm32f4xx_exti.o [1]
EndIdleMonitor          0x08005e25    0x20  Code  Gb  cpu_utils.o [1]
FMC_GetFlagStatus       0x0800237f    0x2e  Code  Gb  stm32f4xx_fmc.o [1]
FMC_SDRAMCmdConfig      0x08002359    0x1a  Code  Gb  stm32f4xx_fmc.o [1]
FMC_SDRAMInit           0x080022a5    0xb4  Code  Gb  stm32f4xx_fmc.o [1]
FMC_SetRefreshCount     0x08002373     0xc  Code  Gb  stm32f4xx_fmc.o [1]
Font16x24               0x20000248     0x8  Data  Gb  stm32f429i_discovery_lcd.o [1]
Font8x8                 0x20000284     0x8  Data  Gb  stm32f429i_discovery_lcd.o [1]
FreeRTOS_CPU_IdleSpentTime
                        0x20001898     0x4  Data  Gb  cpu_utils.o [1]
FreeRTOS_CPU_IdleStartTime
                        0x20001894     0x4  Data  Gb  cpu_utils.o [1]
FreeRTOS_CPU_TotalIdleTime
                        0x2000189c     0x4  Data  Gb  cpu_utils.o [1]
FreeRTOS_CPU_Usage      0x20001890     0x4  Data  Gb  cpu_utils.o [1]
GPIO_Init               0x080019f9    0x72  Code  Gb  stm32f4xx_gpio.o [1]
GPIO_PIN                0x08006840     0x4  Data  Gb  stm32f429i_discovery.o [1]
GPIO_PORT               0x2000027c     0x8  Data  Gb  stm32f429i_discovery.o [1]
GPIO_PinAFConfig        0x08001a7d    0x28  Code  Gb  stm32f4xx_gpio.o [1]
GPIO_ResetBits          0x08001a6f     0x4  Code  Gb  stm32f4xx_gpio.o [1]
GPIO_SetBits            0x08001a6b     0x4  Code  Gb  stm32f4xx_gpio.o [1]
GPIO_WriteBit           0x08001a73     0xa  Code  Gb  stm32f4xx_gpio.o [1]
GUI_MULTIBUF_ConfirmEx  0x0800663d    0x22  Code  Gb  GUI_MULTIBUF.o [3]
GUI__aConvert_255_31    0x08006000   0x100  Data  Gb  GUI__DivTbl_255_31.o [3]
GUI__aConvert_255_63    0x08006100   0x100  Data  Gb  GUI__DivTbl_255_63.o [3]
GUI__aConvert_31_255    0x080068e8    0x20  Data  Gb  GUI__DivTbl_31_255.o [3]
GUI__aConvert_63_255    0x080067b4    0x40  Data  Gb  GUI__DivTbl_63_255.o [3]
HardFault_Handler       0x080064a7     0x2  Code  Gb  stm32xxx_it.o [1]
InStream_Read           0x080062e9    0x22  Code  Lc  packbits_init.o [6]
LCD_AF_GPIOConfig       0x08001883   0x15a  Code  Lc  stm32f429i_discovery_lcd.o [1]
LCD_API_ColorConv_M1555I
                        0x08006938    0x18  Data  Gb  GUICC_M1555I.o [3]
LCD_API_ColorConv_M565  0x08006950    0x18  Data  Gb  GUICC_M565.o [3]
LCD_Clear               0x08000327    0x14  Code  Gb  stm32f429i_discovery_lcd.o [1]
LCD_CtrlLinesConfig     0x08001777    0x48  Code  Gb  stm32f429i_discovery_lcd.o [1]
LCD_Currentfonts        0x2000023c     0x4  Data  Lc  stm32f429i_discovery_lcd.o [1]
LCD_DisplayStringLine   0x080003c3    0x48  Code  Gb  stm32f429i_discovery_lcd.o [1]
LCD_DrawChar            0x0800033b    0x88  Code  Gb  stm32f429i_discovery_lcd.o [1]
LCD_DrawCircle          0x0800040b    0x7e  Code  Gb  stm32f429i_discovery_lcd.o [1]
LCD_DrawFullCircle      0x08000491   0x1ee  Code  Gb  stm32f429i_discovery_lcd.o [1]
LCD_GetFont             0x0800031f     0x8  Code  Gb  stm32f429i_discovery_lcd.o [1]
LCD_Index2Color_M565    0x08006845    0x2c  Code  Gb  GUICC_M565_Index2Color.o [3]
LCD_Init                0x080001ad    0xa4  Code  Gb  stm32f429i_discovery_lcd.o [1]
LCD_LayerInit           0x08000251    0xa4  Code  Gb  stm32f429i_discovery_lcd.o [1]
LCD_PowerOn             0x080006e5  0x1092  Code  Gb  stm32f429i_discovery_lcd.o [1]
LCD_SPIConfig           0x080017bf    0xc4  Code  Gb  stm32f429i_discovery_lcd.o [1]
LCD_SetFont             0x08000317     0x8  Code  Gb  stm32f429i_discovery_lcd.o [1]
LCD_SetLayer            0x080002f5    0x1a  Code  Gb  stm32f429i_discovery_lcd.o [1]
LCD_SetTextColor        0x0800030f     0x8  Code  Gb  stm32f429i_discovery_lcd.o [1]
LCD_WriteData           0x08000691    0x48  Code  Gb  stm32f429i_discovery_lcd.o [1]
LTDC_Cmd                0x08001f8d    0x16  Code  Gb  stm32f4xx_ltdc.o [1]
LTDC_DitherCmd          0x08001fa3    0x16  Code  Gb  stm32f4xx_ltdc.o [1]
LTDC_IRQHandler         0x0800654b     0x4  Code  Gb  stm32xxx_it.o [1]
LTDC_ISR_Handler        0x080065ad    0x7e  Code  Gb  GUIDRV_stm32f429i_discovery.o [1]
LTDC_Init               0x08001ef5    0x98  Code  Gb  stm32f4xx_ltdc.o [1]
LTDC_LayerCmd           0x08002055    0x12  Code  Gb  stm32f4xx_ltdc.o [1]
LTDC_LayerInit          0x08001fbf    0x96  Code  Gb  stm32f4xx_ltdc.o [1]
LTDC_ReloadConfig       0x08001fb9     0x6  Code  Gb  stm32f4xx_ltdc.o [1]
MemManage_Handler       0x080064a9     0x2  Code  Gb  stm32xxx_it.o [1]
NMI_Handler             0x080064a5     0x2  Code  Gb  stm32xxx_it.o [1]
NVIC_PriorityGroupConfig
                        0x08006755     0xa  Code  Gb  misc.o [1]
OTG_HS_IRQHandler       0x080064d3    0x14  Code  Gb  stm32xxx_it.o [1]
PendSV_Handler          0x080064b3     0x2  Code  Gb  stm32xxx_it.o [1]
PeriodValue             0x200018b4     0x4  Data  Gb  rtc.o [1]
RCC_AHB1PeriphClockCmd  0x08001ac9    0x12  Code  Gb  stm32f4xx_rcc.o [1]
RCC_AHB1PeriphResetCmd  0x08001aff    0x12  Code  Gb  stm32f4xx_rcc.o [1]
RCC_AHB3PeriphClockCmd  0x08001adb    0x12  Code  Gb  stm32f4xx_rcc.o [1]
RCC_APB1PeriphResetCmd  0x08001b11    0x12  Code  Gb  stm32f4xx_rcc.o [1]
RCC_APB2PeriphClockCmd  0x08001aed    0x12  Code  Gb  stm32f4xx_rcc.o [1]
RCC_APB2PeriphResetCmd  0x08001b23    0x12  Code  Gb  stm32f4xx_rcc.o [1]
RCC_GetFlagStatus       0x08001b35    0x22  Code  Gb  stm32f4xx_rcc.o [1]
RCC_LTDCCLKDivConfig    0x08001abb     0xe  Code  Gb  stm32f4xx_rcc.o [1]
RCC_PLLSAICmd           0x08001ab5     0x6  Code  Gb  stm32f4xx_rcc.o [1]
RCC_PLLSAIConfig        0x08001aa5    0x10  Code  Gb  stm32f4xx_rcc.o [1]
RTC_Alarm_IRQHandler    0x080067f5    0x2e  Code  Gb  rtc.o [1]
RTC_ClearITPendingBit   0x08006795    0x18  Code  Gb  stm32f4xx_rtc.o [1]
RTC_GetITStatus         0x08006769    0x2c  Code  Gb  stm32f4xx_rtc.o [1]
RTC_HandlerFlag         0x20000298     0x1  Data  Gb  rtc.o [1]
Region$$Table$$Base     0x080068bc           --   Gb  - Linker created -
Region$$Table$$Limit    0x080068e8           --   Gb  - Linker created -
SDRAM_GPIOConfig        0x08001be9   0x1f8  Code  Gb  stm32f429i_discovery_sdram.o [1]
SDRAM_Init              0x08001b81    0x68  Code  Gb  stm32f429i_discovery_sdram.o [1]
SDRAM_InitSequence      0x08001de1    0xf8  Code  Gb  stm32f429i_discovery_sdram.o [1]
SET_TEST_MODE           0x200018d4     0x4  Data  Gb  usbd_core.o [1]
SPI_Cmd                 0x0800225d    0x14  Code  Gb  stm32f4xx_spi.o [1]
SPI_I2S_DeInit          0x08002165    0xa8  Code  Gb  stm32f4xx_spi.o [1]
SPI_I2S_GetFlagStatus   0x08002275     0xe  Code  Gb  stm32f4xx_spi.o [1]
SPI_I2S_SendData        0x08002271     0x4  Code  Gb  stm32f4xx_spi.o [1]
SPI_Init                0x0800220d    0x38  Code  Gb  stm32f4xx_spi.o [1]
STM_EVAL_LEDOn          0x08006829    0x12  Code  Gb  stm32f429i_discovery.o [1]
SVC_Handler             0x080064b1     0x2  Code  Gb  stm32xxx_it.o [1]
StartIdleMonitor        0x08005e0f    0x16  Code  Gb  cpu_utils.o [1]
SysTick_Handler         0x080064b5    0x10  Code  Gb  stm32xxx_it.o [1]
SystemCoreClock         0x20000250     0x4  Data  Gb  system_stm32f4xx.o [1]
SystemInit              0x08006201    0xd0  Code  Gb  system_stm32f4xx.o [1]
TIM2_IRQHandler         0x080064cf     0x4  Code  Gb  stm32xxx_it.o [1]
TIM5_IRQHandler         0x080064e7    0x42  Code  Gb  stm32xxx_it.o [1]
TIM_ClearITPendingBit   0x0800659d     0x6  Code  Gb  stm32f4xx_tim.o [1]
TIM_GetCapture4         0x08006585     0x4  Code  Gb  stm32f4xx_tim.o [1]
TIM_GetITStatus         0x08006589    0x14  Code  Gb  stm32f4xx_tim.o [1]
TimingDelay             0x20001888     0x4  Data  Lc  test_program.o [1]
TimingDelay_Decrement   0x08006567     0xe  Code  Gb  test_program.o [1]
USBD_ClrCfg             0x08005b1b    0x12  Code  Gb  usbd_core.o [1]
USBD_CtlContinueRx      0x080058a1    0x14  Code  Gb  usbd_ioreq.o [1]
USBD_CtlContinueSendData
                        0x0800588d    0x14  Code  Gb  usbd_ioreq.o [1]
USBD_CtlReceiveStatus   0x080058d5    0x20  Code  Gb  usbd_ioreq.o [1]
USBD_CtlSendData        0x0800586b    0x22  Code  Gb  usbd_ioreq.o [1]
USBD_CtlSendStatus      0x080058b5    0x20  Code  Gb  usbd_ioreq.o [1]
USBD_DCD_INT_cb         0x2000020c    0x2c  Data  Gb  usbd_core.o [1]
USBD_DCD_INT_fops       0x20000290     0x4  Data  Gb  usbd_core.o [1]
USBD_DataInStage        0x080059c9    0xb2  Code  Lc  usbd_core.o [1]
USBD_DataOutStage       0x08005951    0x78  Code  Lc  usbd_core.o [1]
USBD_DevConnected       0x08005b51    0x16  Code  Lc  usbd_core.o [1]
USBD_DevDisconnected    0x08005b67    0x20  Code  Lc  usbd_core.o [1]
USBD_DeviceQualifierDesc
                        0x20000264     0xc  Data  Gb  usbd_desc.o [1]
USBD_GetDescriptor      0x08005565   0x14a  Code  Lc  usbd_req.o [1]
USBD_IsoINIncomplete    0x08005b2d    0x12  Code  Lc  usbd_core.o [1]
USBD_IsoOUTIncomplete   0x08005b3f    0x12  Code  Lc  usbd_core.o [1]
USBD_OTG_ISR_Handler    0x08004d81   0x2fa  Code  Gb  usb_dcd_int.o [1]
USBD_ParseSetupRequest  0x080056c5    0x44  Code  Gb  usbd_req.o [1]
USBD_Reset              0x08005a81    0x2e  Code  Lc  usbd_core.o [1]
USBD_Resume             0x08005aaf    0x1e  Code  Lc  usbd_core.o [1]
USBD_SOF                0x08005aed    0x16  Code  Lc  usbd_core.o [1]
USBD_SetCfg             0x08005b03    0x18  Code  Gb  usbd_core.o [1]
USBD_SetupStage         0x080058f5    0x5c  Code  Lc  usbd_core.o [1]
USBD_StdDevReq          0x08005275   0x1a8  Code  Gb  usbd_req.o [1]
USBD_StdEPReq           0x08005469    0xfc  Code  Gb  usbd_req.o [1]
USBD_StdItfReq          0x0800541d    0x4c  Code  Gb  usbd_req.o [1]
USBD_Suspend            0x08005acd    0x20  Code  Lc  usbd_core.o [1]
USBD_cfg_status         0x200018a8     0x4  Data  Gb  usbd_req.o [1]
USBD_default_cfg        0x200018ac     0x4  Data  Gb  usbd_req.o [1]
USBD_ep_status          0x200018d8     0x4  Data  Gb  usbd_req.o [1]
USBH_Connected          0x08006969     0xa  Code  Gb  usbh_core.o [1]
USBH_Disconnected       0x08006973     0xa  Code  Gb  usbh_core.o [1]
USBH_HCD_INT_cb         0x20000270     0xc  Data  Gb  usbh_core.o [1]
USBH_HCD_INT_fops       0x20000294     0x4  Data  Gb  usbh_core.o [1]
USBH_OTG_ISR_Handler    0x08003b91    0xf8  Code  Gb  usb_hcd_int.o [1]
USBH_SOF                0x0800697d     0x4  Code  Gb  usbh_core.o [1]
USB_Host                0x20000d2c    0x84  Data  Gb  bsp.o [1]
USB_OTG_BSP_TimerIRQ    0x08004d7d     0x2  Code  Gb  usb_bsp.o [1]
USB_OTG_BSP_mDelay      0x08004d59    0x1e  Code  Gb  usb_bsp.o [1]
USB_OTG_BSP_uDelay      0x08004d39    0x20  Code  Gb  usb_bsp.o [1]
USB_OTG_Core            0x2000029c   0xa90  Data  Gb  bsp.o [1]
USB_OTG_EP0Activate     0x08004995    0x34  Code  Gb  usb_core.o [1]
USB_OTG_EP0StartXfer    0x08004ba1    0xde  Code  Gb  usb_core.o [1]
USB_OTG_EP0_OutStart    0x08004d01    0x20  Code  Gb  usb_core.o [1]
USB_OTG_EPActivate      0x080049c9    0x66  Code  Gb  usb_core.o [1]
USB_OTG_EPClearStall    0x08004cb1    0x28  Code  Gb  usb_core.o [1]
USB_OTG_EPSetStall      0x08004c81    0x30  Code  Gb  usb_core.o [1]
USB_OTG_EPStartXfer     0x08004a31   0x170  Code  Gb  usb_core.o [1]
USB_OTG_FlushTxFifo     0x08004855    0x40  Code  Gb  usb_core.o [1]
USB_OTG_GetDeviceSpeed  0x08004969    0x2a  Code  Gb  usb_core.o [1]
USB_OTG_HC_DoPing       0x08004947    0x22  Code  Gb  usb_core.o [1]
USB_OTG_HC_Halt         0x08004905    0x42  Code  Gb  usb_core.o [1]
USB_OTG_InitFSLSPClkSel
                        0x080048b7    0x12  Code  Gb  usb_core.o [1]
USB_OTG_IsDeviceMode    0x08004895     0xe  Code  Gb  usb_core.o [1]
USB_OTG_IsHostMode      0x080048a3     0xa  Code  Gb  usb_core.o [1]
USB_OTG_ReadCoreItr     0x080048ad     0xa  Code  Gb  usb_core.o [1]
USB_OTG_ReadDevAllInEPItr
                        0x08004cf5     0xc  Code  Gb  usb_core.o [1]
USB_OTG_ReadDevAllOutEp_itr
                        0x08004cd9     0xc  Code  Gb  usb_core.o [1]
USB_OTG_ReadDevOutEP_itr
                        0x08004ce5    0x10  Code  Gb  usb_core.o [1]
USB_OTG_ReadHostAllChannels_intr
                        0x080048c9     0x6  Code  Gb  usb_core.o [1]
USB_OTG_ReadPacket      0x08004809    0x4a  Code  Gb  usb_core.o [1]
USB_OTG_ResetPort       0x080048cf    0x36  Code  Gb  usb_core.o [1]
USB_OTG_USBH_handle_IncompletePeriodicXfer_ISR
                        0x08004787    0x28  Code  Lc  usb_hcd_int.o [1]
USB_OTG_USBH_handle_hc_n_In_ISR
                        0x080042f9   0x378  Code  Lc  usb_hcd_int.o [1]
USB_OTG_USBH_handle_hc_n_Out_ISR
                        0x08003fc1   0x338  Code  Lc  usb_hcd_int.o [1]
USB_OTG_USBH_handle_nptxfempty_ISR
                        0x08003c89   0x11a  Code  Lc  usb_hcd_int.o [1]
USB_OTG_USBH_handle_port_ISR
                        0x08003ebf    0xfe  Code  Lc  usb_hcd_int.o [1]
USB_OTG_USBH_handle_ptxfempty_ISR
                        0x08003da3   0x11c  Code  Lc  usb_hcd_int.o [1]
USB_OTG_USBH_handle_rx_qlvl_ISR
                        0x08004671   0x116  Code  Lc  usb_hcd_int.o [1]
USB_OTG_WritePacket     0x080047b1    0x58  Code  Gb  usb_core.o [1]
USB_OTG_dev             0x20000db0   0xa90  Data  Gb  test_program.o [1]
UsageFault_Handler      0x080064ad     0x2  Code  Gb  stm32xxx_it.o [1]
Xval                    0x20001884     0x1  Data  Gb  test_program.o [1]
Yval                    0x20001885     0x1  Data  Gb  test_program.o [1]
_Color2IndexBulk        0x080063fd    0x42  Code  Lc  GUICC_M565.o [3]
_Color2IndexBulk_M1555I
                        0x08005f49    0x4a  Code  Lc  GUICC_M1555I.o [3]
_Color2Index_M1555I     0x08005ee9    0x2a  Code  Lc  GUICC_M1555I.o [3]
_Color2Index_M565       0x080063d5    0x22  Code  Lc  GUICC_M565.o [3]
_GetIndexMask_M1555I    0x08005f43     0x6  Code  Lc  GUICC_M1555I.o [3]
_GetIndexMask_M565      0x080063f7     0x6  Code  Lc  GUICC_M565.o [3]
_Index2ColorBulk        0x0800643f    0x52  Code  Lc  GUICC_M565.o [3]
_Index2ColorBulk_M1555I
                        0x08005f93    0x62  Code  Lc  GUICC_M1555I.o [3]
_Index2Color_M1555I     0x08005f13    0x30  Code  Lc  GUICC_M1555I.o [3]
_UseSingleFrame         0x20001868     0x4  Data  Lc  GUI_MULTIBUF.o [3]
__cmain                 0x08006909          Code  Gb  cmain.o [6]
__exit                  0x080063c1    0x14  Code  Gb  exit.o [7]
__iar_data_init3        0x08006871    0x28  Code  Gb  data_init.o [6]
__iar_init_vfp          0x08006899          Code  Gb  fpinit_M.o [5]
__iar_packbits_init3    0x0800630b    0xb0  Code  Gb  packbits_init.o [6]
__iar_program_start     0x08006991          Code  Gb  cstartup_M.o [6]
__iar_zero_init3        0x08002283    0x22  Code  Gb  zero_init3.o [6]
__low_level_init        0x08006923     0x4  Code  Gb  low_level_init.o [4]
__vector_table          0x08000000          Data  Gb  startup_stm32f429_439xx.o [1]
_aBufferIndex           0x200001d4     0x8  Data  Lc  GUIDRV_stm32f429i_discovery.o [1]
_aBytesPerPixels        0x200001ec     0x8  Data  Lc  GUIDRV_stm32f429i_discovery.o [1]
_aLock                  0x20001850     0x8  Data  Lc  GUI_MULTIBUF.o [3]
_aNumBuffers            0x20001860     0x8  Data  Lc  GUI_MULTIBUF.o [3]
_aPend                  0x20001858     0x8  Data  Lc  GUI_MULTIBUF.o [3]
_aPendingBuffer         0x200001cc     0x8  Data  Lc  GUIDRV_stm32f429i_discovery.o [1]
_aView                  0x20001840     0x8  Data  Lc  GUI_MULTIBUF.o [3]
_aWork                  0x20001848     0x8  Data  Lc  GUI_MULTIBUF.o [3]
_apColorConvAPI         0x200001f4     0x8  Data  Lc  GUIDRV_stm32f429i_discovery.o [1]
_apLayer                0x200001c4     0x8  Data  Lc  GUIDRV_stm32f429i_discovery.o [1]
_axSize                 0x200001dc     0x8  Data  Lc  GUIDRV_stm32f429i_discovery.o [1]
_aySize                 0x200001e4     0x8  Data  Lc  GUIDRV_stm32f429i_discovery.o [1]
_call_main              0x08006915          Code  Gb  cmain.o [6]
_exit                   0x0800692d          Code  Gb  cexit.o [6]
_main                   0x0800691f          Code  Gb  cmain.o [6]
_pfColor2IndexBulk      0x200018b8     0x4  Data  Lc  GUICC_M1555I.o [3]
_pfColor2IndexBulk      0x200018c0     0x4  Data  Lc  GUICC_M565.o [3]
_pfIndex2ColorBulk      0x200018bc     0x4  Data  Lc  GUICC_M1555I.o [3]
_pfIndex2ColorBulk      0x200018c4     0x4  Data  Lc  GUICC_M565.o [3]
abort                   0x080063bb     0x6  Code  Gb  abort.o [4]
alarm_now               0x20000299     0x1  Data  Gb  rtc.o [1]
demo_mode               0x200018c8     0x4  Data  Gb  main.o [1]
draw_view               0x08006665    0x74  Code  Gb  frame_view.o [1]
exit                    0x08006927     0x4  Code  Gb  exit.o [4]
main                    0x080066f5    0x52  Code  Gb  main.o [1]
pxCurrentTCB            0x2000003c     0x4  Data  Gb  tasks.o [1]
pxDelayedTaskList       0x20000130     0x4  Data  Lc  tasks.o [1]
pxOverflowDelayedTaskList
                        0x20000134     0x4  Data  Lc  tasks.o [1]
pxReadyTasksLists       0x20000040    0xf0  Data  Lc  tasks.o [1]
tmpCC4                  0x200018d0     0x4  Data  Gb  stm32xxx_it.o [1]
uxCriticalNesting       0x2000028c     0x4  Data  Lc  port_cm4.o [1]
uxCurrentNumberOfTasks  0x2000013c     0x4  Data  Lc  tasks.o [1]
uxMissedTicks           0x20000154     0x4  Data  Lc  tasks.o [1]
uxSchedulerSuspended    0x20000150     0x4  Data  Lc  tasks.o [1]
uxTaskNumber            0x20000160     0x4  Data  Lc  tasks.o [1]
uxTasksDeleted          0x20000138     0x4  Data  Lc  tasks.o [1]
uxTopReadyPriority      0x20000148     0x4  Data  Lc  tasks.o [1]
uxTopUsedPriority       0x20000144     0x4  Data  Lc  tasks.o [1]
vApplicationTickHook    0x08005dd9    0x36  Code  Gb  cpu_utils.o [1]
vListInsertEnd          0x08005d99    0x1c  Code  Gb  list.o [1]
vListRemove             0x08005db5    0x24  Code  Gb  list.o [1]
vPortClearInterruptMask
                        0x08005e9d          Code  Gb  portasm_cm4.o [1]
vPortEnableVFP          0x08005ecd          Code  Gb  portasm_cm4.o [1]
vPortEnterCritical      0x08005d4d    0x14  Code  Gb  port_cm4.o [1]
vPortExitCritical       0x08005d61    0x10  Code  Gb  port_cm4.o [1]
vPortSVCHandler         0x08005ea7          Code  Gb  portasm_cm4.o [1]
vPortSetInterruptMask   0x08005e93          Code  Gb  portasm_cm4.o [1]
vPortStartFirstTask     0x08005ebf          Code  Gb  portasm_cm4.o [1]
vTaskIncrementTick      0x08005b9f    0xe0  Code  Gb  tasks.o [1]
vTaskSwitchContext      0x08005c81    0xc0  Code  Gb  tasks.o [1]
xDelayedTaskList1       0x20000168    0x14  Data  Lc  tasks.o [1]
xDelayedTaskList2       0x2000017c    0x14  Data  Lc  tasks.o [1]
xIdleHandle             0x2000188c     0x4  Data  Gb  cpu_utils.o [1]
xMissedYield            0x20000158     0x4  Data  Lc  tasks.o [1]
xNextTaskUnblockTime    0x20000164     0x4  Data  Lc  tasks.o [1]
xNumOfOverflows         0x2000015c     0x4  Data  Lc  tasks.o [1]
xPendingReadyList       0x20000000    0x14  Data  Lc  tasks.o [1]
xPortPendSVHandler      0x08005e49          Code  Gb  portasm_cm4.o [1]
xPortSysTickHandler     0x08005d71    0x1e  Code  Gb  port_cm4.o [1]
xSchedulerRunning       0x2000014c     0x4  Data  Lc  tasks.o [1]
xSuspendedTaskList      0x20000028    0x14  Data  Lc  tasks.o [1]
xTaskGetCurrentTaskHandle
                        0x08005d41     0x6  Code  Gb  tasks.o [1]
xTaskGetTickCount       0x08005b89    0x16  Code  Gb  tasks.o [1]
xTasksWaitingTermination
                        0x20000014    0x14  Data  Lc  tasks.o [1]
xTickCount              0x20000140     0x4  Data  Lc  tasks.o [1]


[1] = C:\Users\MichaelXu\Desktop\STM32F429I-Discovery_FW_V1.0.1\Projects\Demonstration\EWARM\STM32F429I-Discovery_Demo\Obj
[2] = command line
[3] = STemWin522_4x9i_CM4_OS_IAR.a
[4] = dl7M_tlf.a
[5] = m7M_tlv.a
[6] = rt7M_tl.a
[7] = shb_l.a

  20 636 bytes of readonly  code memory
   6 964 bytes of readonly  data memory
  14 556 bytes of readwrite data memory

Errors: none
Warnings: none
